FullFolderOrFilePath
D3SubName
D3OSN
D3Label
D3AdmCat
D3ProdID
D3ProdName
D3Method
D3NonPubNote
ObjPurpose
ObjRole
ObjResType
ObjInfoType
ObjViewTextFlag
ObjCaption
ObjCapUnitName
ObjCapBehavior
ObjDepSys
ObjRightsBasis
ObjRightsDocID
ObjRightsDocNote
ObjRightsRestrict
ObjEmbargoDur
ObjEmbargoUnit
ObjRestrictStart
ObjRestrictEnd
FilePurpose
FileRole
FileForm
FileAccFlag
FileMetaRole
FileSizeUnc
FileComp
FileEncrypt
FileProc
FileSupplName
FileSupplDir
FileSupplCheck
FileRightsBasis
FileRightsDocID
FileRightsDocNote
FileRightsRestrict
FileMaxImageSize
FileRestrictStart
FileRestrictEnd
MODSTitle
MODSName
MODSPublisher
MODSPlace
MODSEdition
MODSAbstract
MODSDateCreated
MODSDateIssued
MODSDateCaptured
MODSCopyrightDate
MODSOtherDate
MODSID
MODSType
MODSIsCol
MODSIsMs
MODSClassification
MODSLangTerm
MODSDigOrigin
MODSReformQuality
MODSRecordSrc
MODSRecordID
MODSRecordIDSrc
RelHasAttach
RelHasColorPro
RelHasCoord
RelHasDoc
RelHasLargeCon
RelHasMeta
RelHasMethod
RelHasPresent
RelHasRights
RelHasSrc
RelHasStruct
RelHasSubPack
RelHasSubset
RelHasSuppl
RelHasTarget
RelHasTDF
RelHasText
RelHasWorldRef
RelPresFor
LnkAlma
LnkDASH
LnkFA
LnkGale
LnkLocalLink
LnkPQ
LnkSS
LnkExtLink
A57Disposition
A57Encoding
A57BlkSize
A57UseType
A57NumChannels
A57BitDepth
A57SampleRate
A57WordSize
A57SoundField
A57Codec
A57CodecCreator
A57CodQuality
A57DataRateMode
CrDiskImgType
CrSrcMediaType
CrSrcMediaMfr
CrSrcMediaModel
CrBytesPerSector
CrSectorCt
CrFileSysType
CrNum
CrMinSize
CrMaxSize
CrFirstDate
CrLastDate
CrFmt
DBName
DBVersion
DBType
DocPageCt
DocWordCt
DocCharCt
DocParaCt
DocLineCt
DocTableCt
DocGraphCt
DocLanguage
DocFont
DocFeatures
MIXByteOrder
MIXCompScheme
MIXTileWidth
MIXTileHt
MIXColorSpace
MIXICCProfileName
MIXICCProfileVer
MIXQualityLayers
MIXResolutionLevels
MIXDateTimeCreated
MIXImgProducer
MIXCaptureDev
MIXScanMfr
MIXScanModelName
MIXScanModelNum
MIXScanSWName
MIXDigCamMfr
MIXDigCamModelName
MIXDigCamModelNum
MIXOrientation
MIXSampleFreqUnit
MIXXSampleFreqNum
MIXXSampleFreqDen
MIXXSampleFreq
MIXYSampleFreqNum
MIXYSampleFreqDen
MIXYSampleFreq
MIXBPS
MIXBPSUnit
MIXSPP
MIXExtraSamples
MIXProcAgy
MIXProceSW
MIXProcSWVer
TxtByteOrder
TxtByteSize
TxtCharSize
TxtCharset
TxtEncodingAgt
TxtEncodingAgtRole
TxtLanguage
TxtLinebreak
TxtMrkupBasis
TxtMrkupLang
TxtProcNote
UTVSrcAspecRatio
UTVSrcCarrierFmt
UTVSrcCCNote
UTVSrcFrameDimH
UTVSrcFrameDimV
UTVSrcFrameRate
UTVSrcSignalFmt
EBUVideoFmt
EBUVideoLine
EBUVideoFrameRateN
EBUVideoFrameRateD
EBUVideoFrameRate
EBUVideoAspectRatioN
EBUVideoAspectRatioD
EBUVideoEncoding
EBUVideoCodec
EBUVideoScanFmt
EBUVideoScanOrder
EBUVideoColorSpace
EBUVideoFrRateMode
EBUVideoByteOrder
EBUVideoCompression
EBUVideoBrdcstStd
EBUVideoStreamSize
EBUVideoFrameCt
EBUVideoBitDepth
EBUVideoDuration
EBUAudioEncoding
EBUAudioCodec
EBUAudioTrackConf
EBUAudioSampleRate
EBUAudioSampleSize
EBUAudioSampleType
EBUAudioBitRate
EBUAudioBitRateMode
EBUAudioChans
EBUAudioByteOrder
EBUAudioCompression
EBUAudioStreamSize
EBUAudioSampCt
EBUAudioDuration
ProcAuthPath
ProcNamePattern
ProcArchMode
